###############################################################################
#
# IAR ELF Linker V9.32.1.338/W64 for ARM                  18/Nov/2023  00:34:37
# Copyright 2007-2022 IAR Systems AB.
#
#    Output file  =
#        C:\My Stuff\College\Semester
#        9\AUTOSAR\04-Midterm\ECU1\Debug\Exe\main.out
#    Map file     =
#        C:\My Stuff\College\Semester
#        9\AUTOSAR\04-Midterm\ECU1\Debug\List\main.map
#    Command line =
#        -f "C:\My Stuff\College\Semester
#        9\AUTOSAR\04-Midterm\ECU1\Debug\Exe\main.out.rsp" ("C:\My
#        Stuff\College\Semester 9\AUTOSAR\04-Midterm\ECU1\Debug\Obj\main.o"
#        "C:\My Stuff\College\Semester
#        9\AUTOSAR\04-Midterm\ECU1\Debug\Obj\Port_Config.o" "C:\My
#        Stuff\College\Semester
#        9\AUTOSAR\04-Midterm\ECU1\Debug\Obj\scheduler.o" "C:\My
#        Stuff\College\Semester 9\AUTOSAR\04-Midterm\ECU1\Debug\Obj\SPI.o"
#        "C:\My Stuff\College\Semester
#        9\AUTOSAR\04-Midterm\ECU1\Debug\Obj\startup_ewarm.o" "C:\My
#        Stuff\College\Semester 9\AUTOSAR\04-Midterm\ECU1\Debug\Obj\SysTick.o"
#        "C:\My Stuff\College\Semester
#        9\AUTOSAR\04-Midterm\ECU1\Debug\Obj\Timer2.o" "C:\My
#        Stuff\College\Semester 9\AUTOSAR\04-Midterm\ECU1\Debug\Obj\UART.o"
#        --no_out_extension -o "C:\My Stuff\College\Semester
#        9\AUTOSAR\04-Midterm\ECU1\Debug\Exe\main.out" --redirect
#        _Printf=_PrintfFullNoMb --redirect _Scanf=_ScanfFullNoMb --map "C:\My
#        Stuff\College\Semester 9\AUTOSAR\04-Midterm\ECU1\Debug\List\main.map"
#        --config "C:\Program Files\IAR Systems\Embedded Workbench
#        9.1\arm/config/linker/TexasInstruments/TM4C123GH6.icf" --semihosting
#        --entry __iar_program_start --vfe --text_out locale --cpu=Cortex-M4
#        --fpu=None)
#
###############################################################################

*******************************************************************************
*** RUNTIME MODEL ATTRIBUTES
***

CppFlavor       = *
__CPP_Runtime   = 1
__SystemLibrary = DLib
__dlib_version  = 6


*******************************************************************************
*** HEAP SELECTION
***

The basic heap was selected because --advanced_heap
was not specified and the application did not appear to
be primarily optimized for speed.


*******************************************************************************
*** PLACEMENT SUMMARY
***

"A0":  place at address 0x0 { ro section .intvec };
"P1":  place in [from 0x0 to 0x3'ffff] { ro };
define block CSTACK with size = 4K, alignment = 8 { };
define block HEAP with size = 8K, alignment = 8 { };
"P2":  place in [from 0x2000'0000 to 0x2000'7fff] {
          rw, block CSTACK, block HEAP };
do not initialize { rw section .noinit };
initialize by copy { rw };

  Section            Kind         Address    Size  Object
  -------            ----         -------    ----  ------
"A0":                                       0x26c
  .intvec            const            0x0   0x26c  startup_ewarm.o [1]
                                  - 0x26c   0x26c

"P1":                                      0x1c4c
  .text              ro code        0x26c   0xb8c  UART.o [1]
  .text              ro code        0xdf8    0x1c  U32ToDbl.o [3]
  .text              ro code        0xe14   0x246  DblDiv.o [3]
  .text              ro code       0x105a    0x2a  copy_init3.o [4]
  .text              ro code       0x1084    0x36  DblToS32.o [3]
  .text              ro code       0x10bc   0x1aa  DblMul.o [3]
  .text              ro code       0x1268   0x25e  DblAddSub.o [3]
  .text              ro code       0x14c8   0x490  SPI.o [1]
  .text              ro code       0x1958   0x198  main.o [1]
  .text              ro code       0x1af0    0x78  Port_Config.o [1]
  .text              ro code       0x1b68    0x74  Timer2.o [1]
  .text              ro code       0x1bdc    0x4c  SysTick.o [1]
  .text              ro code       0x1c28    0x56  ABImemcpy_unaligned.o [4]
  .text              ro code       0x1c80    0x90  scheduler.o [1]
  .text              ro code       0x1d10    0x38  zero_init3.o [4]
  .text              ro code       0x1d48    0x28  data_init.o [4]
  .iar.init_table    const         0x1d70    0x24  - Linker created -
  .text              ro code       0x1d94    0x1e  startup_ewarm.o [1]
  .text              ro code       0x1db4    0x1c  cstartup_M.o [4]
  .text              ro code       0x1dd0    0x1e  cmain.o [4]
  .text              ro code       0x1dee     0x4  low_level_init.o [2]
  .text              ro code       0x1df2     0x4  exit.o [2]
  .text              ro code       0x1df8     0xa  cexit.o [4]
  .text              ro code       0x1e04    0x14  exit.o [5]
  .rodata            const         0x1e18    0x1c  main.o [1]
  .rodata            const         0x1e34    0x18  main.o [1]
  .rodata            const         0x1e4c    0x14  main.o [1]
  .rodata            const         0x1e60    0x14  main.o [1]
  .rodata            const         0x1e74    0x14  main.o [1]
  .rodata            const         0x1e88    0x10  main.o [1]
  .rodata            const         0x1e98    0x10  main.o [1]
  .rodata            const         0x1ea8     0xc  main.o [1]
  Initializer bytes  const         0x1eb4     0x4  <for P2-1>
  .rodata            const         0x1eb8     0x0  zero_init3.o [4]
  .rodata            const         0x1eb8     0x0  copy_init3.o [4]
                                 - 0x1eb8  0x1c4c

"P2", part 1 of 3:                            0x4
  P2-1                        0x2000'0000     0x2  <Init block>
    .data            inited   0x2000'0000     0x1  main.o [1]
    .data            inited   0x2000'0001     0x1  main.o [1]
                            - 0x2000'0002     0x2

"P2", part 2 of 3:                           0xbc
  .bss               zero     0x2000'0004    0xa0  scheduler.o [1]
  .bss               zero     0x2000'00a4     0x8  scheduler.o [1]
  .bss               zero     0x2000'00ac     0x4  scheduler.o [1]
  .bss               zero     0x2000'00b0     0x4  scheduler.o [1]
  .bss               zero     0x2000'00b4     0x4  SysTick.o [1]
  .bss               zero     0x2000'00b8     0x4  SysTick.o [1]
  .bss               zero     0x2000'00bc     0x1  main.o [1]
                            - 0x2000'00bd    0xb9

"P2", part 3 of 3:                          0x200
  .noinit            uninit   0x2000'00c0   0x200  startup_ewarm.o [1]
                            - 0x2000'02c0   0x200

Unused ranges:

         From           To      Size
         ----           --      ----
       0x1eb8     0x3'ffff  0x3'e148
  0x2000'02c0  0x2000'7fff    0x7d40


*******************************************************************************
*** INIT TABLE
***

          Address      Size
          -------      ----
Zero (__iar_zero_init3)
    1 destination range, total size 0xb9:
          0x2000'0004  0xb9

Copy (__iar_copy_init3)
    1 source range, total size 0x4 (200% of destination):
               0x1eb4   0x4
    1 destination range, total size 0x2:
          0x2000'0000   0x2



*******************************************************************************
*** MODULE SUMMARY
***

    Module                 ro code  ro data  rw data
    ------                 -------  -------  -------
command line/config:
    ------------------------------------------------
    Total:

C:\My Stuff\College\Semester 9\AUTOSAR\04-Midterm\ECU1\Debug\Obj: [1]
    Port_Config.o              120
    SPI.o                    1'168
    SysTick.o                   76                 8
    Timer2.o                   116
    UART.o                   2'956
    main.o                     408      158        3
    scheduler.o                144               176
    startup_ewarm.o             30      620      512
    ------------------------------------------------
    Total:                   5'018      778      699

dl7M_tln.a: [2]
    exit.o                       4
    low_level_init.o             4
    ------------------------------------------------
    Total:                       8

m7M_tl.a: [3]
    DblAddSub.o                606
    DblDiv.o                   582
    DblMul.o                   426
    DblToS32.o                  54
    U32ToDbl.o                  28
    ------------------------------------------------
    Total:                   1'696

rt7M_tl.a: [4]
    ABImemcpy_unaligned.o       86
    cexit.o                     10
    cmain.o                     30
    copy_init3.o                42
    cstartup_M.o                28
    data_init.o                 40
    zero_init3.o                56
    ------------------------------------------------
    Total:                     292

shb_l.a: [5]
    exit.o                      20
    ------------------------------------------------
    Total:                      20

    Gaps                        14
    Linker created                       38
----------------------------------------------------
    Grand Total:             7'048      816      699


*******************************************************************************
*** ENTRY LIST
***

Entry                       Address   Size  Type      Object
-----                       -------   ----  ----      ------
.iar.init_table$$Base        0x1d70          --   Gb  - Linker created -
.iar.init_table$$Limit       0x1d94          --   Gb  - Linker created -
?main                        0x1dd1         Code  Gb  cmain.o [4]
CurrentState            0x2000'0001    0x1  Data  Gb  main.o [1]
Delay_ms                     0x1ba1   0x1a  Code  Gb  Timer2.o [1]
FaultISR                     0x1daf    0x2  Code  Lc  startup_ewarm.o [1]
GPIO_Init                    0x1af1   0x46  Code  Gb  Port_Config.o [1]
GPIO_ReadPin                 0x1b37   0x12  Code  Gb  Port_Config.o [1]
IntDefaultHandler            0x1db1    0x2  Code  Lc  startup_ewarm.o [1]
Master_Init                  0x14c9  0x37a  Code  Gb  SPI.o [1]
NextState               0x2000'0000    0x1  Data  Gb  main.o [1]
NmiSR                        0x1dad    0x2  Code  Lc  startup_ewarm.o [1]
Region$$Table$$Base          0x1d70          --   Gb  - Linker created -
Region$$Table$$Limit         0x1d94          --   Gb  - Linker created -
ResetISR                     0x1d95   0x12  Code  Gb  startup_ewarm.o [1]
SPI_SendData                 0x1843   0x74  Code  Gb  SPI.o [1]
SysTick_Handler              0x1bf7   0x1e  Code  Gb  SysTick.o [1]
SysTick_Setup_Second         0x1bdd   0x1a  Code  Gb  SysTick.o [1]
TIMER2_Init                  0x1b69   0x38  Code  Gb  Timer2.o [1]
UART_Init                     0x26d  0x982  Code  Gb  UART.o [1]
UART_SendData                 0xbef   0xb0  Code  Gb  UART.o [1]
UART_SendString               0xddd   0x1c  Code  Gb  UART.o [1]
__aeabi_d2iz                 0x1085         Code  Gb  DblToS32.o [3]
__aeabi_dadd                 0x1269         Code  Gb  DblAddSub.o [3]
__aeabi_ddiv                  0xe15         Code  Gb  DblDiv.o [3]
__aeabi_dmul                 0x10bd         Code  Gb  DblMul.o [3]
__aeabi_dsub                 0x13e5         Code  Gb  DblAddSub.o [3]
__aeabi_ui2d                  0xdf9         Code  Gb  U32ToDbl.o [3]
__cmain                      0x1dd1         Code  Gb  cmain.o [4]
__exit                       0x1e05   0x14  Code  Gb  exit.o [5]
__iar_copy_init3             0x105b   0x2a  Code  Gb  copy_init3.o [4]
__iar_data_init3             0x1d49   0x28  Code  Gb  data_init.o [4]
__iar_program_start          0x1db5         Code  Gb  cstartup_M.o [4]
__iar_unaligned_memcpy4
                             0x1c29         Code  Gb  ABImemcpy_unaligned.o [4]
__iar_unaligned_memcpy8
                             0x1c29         Code  Gb  ABImemcpy_unaligned.o [4]
__iar_zero_init3             0x1d11   0x38  Code  Gb  zero_init3.o [4]
__low_level_init             0x1def    0x4  Code  Gb  low_level_init.o [2]
__vector_table                  0x0  0x26c  Data  Gb  startup_ewarm.o [1]
_call_main                   0x1ddd         Code  Gb  cmain.o [4]
_exit                        0x1df9         Code  Gb  cexit.o [4]
array                   0x2000'0004   0xa0  Data  Gb  scheduler.o [1]
count                   0x2000'00bc    0x1  Data  Gb  main.o [1]
counter                 0x2000'00b4    0x4  Data  Gb  SysTick.o [1]
exit                         0x1df3    0x4  Code  Gb  exit.o [2]
flag                    0x2000'00b8    0x4  Data  Gb  SysTick.o [1]
i                       0x2000'00b0    0x4  Data  Gb  scheduler.o [1]
main                         0x1a6d   0x50  Code  Gb  main.o [1]
pui32Stack              0x2000'00c0  0x200  Data  Lc  startup_ewarm.o [1]
t_identifier            0x2000'00a4    0x8  Data  Gb  scheduler.o [1]
task_i                  0x2000'00ac    0x4  Data  Gb  scheduler.o [1]
task_init                    0x1c81   0x24  Code  Gb  scheduler.o [1]
task_readSwitches            0x1959   0xbe  Code  Gb  main.o [1]
task_sched                   0x1ca5   0x54  Code  Gb  scheduler.o [1]
task_uartMessage             0x1a17   0x54  Code  Gb  main.o [1]


[1] = C:\My Stuff\College\Semester 9\AUTOSAR\04-Midterm\ECU1\Debug\Obj
[2] = dl7M_tln.a
[3] = m7M_tl.a
[4] = rt7M_tl.a
[5] = shb_l.a

  7'048 bytes of readonly  code memory
    816 bytes of readonly  data memory
    699 bytes of readwrite data memory

Errors: none
Warnings: none
